Flutter crash report.
Please report a bug at https://github.com/flutter/flutter/issues.

## command

flutter run -d web-server --web-hostname 127.0.0.1 --web-port 8080 --debug

## exception

_TypeError: Null check operator used on a null value

```
#0      computeTransitiveDependencies (package:flutter_tools/src/package_graph.dart:69:29)
#1      findPlugins (package:flutter_tools/src/flutter_plugins.dart:115:51)
<asynchronous suspension>
#2      refreshPluginsList (package:flutter_tools/src/flutter_plugins.dart:1170:32)
<asynchronous suspension>
#3      FlutterProject.ensureReadyForPlatformSpecificTooling (package:flutter_tools/src/project.dart:376:5)
<asynchronous suspension>
#4      FlutterCommand.regeneratePlatformSpecificToolingIfApplicable (package:flutter_tools/src/runner/flutter_command.dart:1936:5)
<asynchronous suspension>
#5      FlutterCommand.verifyThenRunCommand (package:flutter_tools/src/runner/flutter_command.dart:1892:7)
<asynchronous suspension>
#6      FlutterCommand.run.<anonymous closure> (package:flutter_tools/src/runner/flutter_command.dart:1581:27)
<asynchronous suspension>
#7      AppContext.run.<anonymous closure> (package:flutter_tools/src/base/context.dart:154:19)
<asynchronous suspension>
#8      CommandRunner.runCommand (package:args/command_runner.dart:212:13)
<asynchronous suspension>
#9      FlutterCommandRunner.runCommand.<anonymous closure> (package:flutter_tools/src/runner/flutter_command_runner.dart:503:9)
<asynchronous suspension>
#10     AppContext.run.<anonymous closure> (package:flutter_tools/src/base/context.dart:154:19)
<asynchronous suspension>
#11     FlutterCommandRunner.runCommand (package:flutter_tools/src/runner/flutter_command_runner.dart:438:5)
<asynchronous suspension>
#12     run.<anonymous closure>.<anonymous closure> (package:flutter_tools/runner.dart:98:11)
<asynchronous suspension>
#13     AppContext.run.<anonymous closure> (package:flutter_tools/src/base/context.dart:154:19)
<asynchronous suspension>
#14     main (package:flutter_tools/executable.dart:101:3)
<asynchronous suspension>
```

## flutter doctor

```
[32m[✓][39m Flutter (Channel stable, 3.35.6, on Microsoft Windows [Version 10.0.26200.7309], locale
    hu-HU) [524ms]
    [32m•[39m Flutter version 3.35.6 on channel stable at C:\Users\ervin\fvm\versions\3.35.6
    [32m•[39m Upstream repository https://github.com/flutter/flutter.git
    [32m•[39m Framework revision 9f455d2486 (9 weeks ago), 2025-10-08 14:55:31 -0500
    [32m•[39m Engine revision d2913632a4
    [32m•[39m Dart version 3.9.2
    [32m•[39m DevTools version 2.48.0
    [32m•[39m Feature flags: enable-web, enable-linux-desktop, enable-macos-desktop,
      enable-windows-desktop, enable-android, enable-ios, cli-animations,
      enable-lldb-debugging

[32m[✓][39m Windows Version (11 Pro 64-bit, 25H2, 2009) [1 105ms]

[32m[✓][39m Android toolchain - develop for Android devices (Android SDK version 35.0.0) [3,9s]
    [32m•[39m Android SDK at C:\Users\ervin\AppData\Local\Android\sdk
    [32m•[39m Emulator version 36.1.9.0 (build_id 13823996) (CL:N/A)
    [32m•[39m Platform android-36, build-tools 35.0.0
    [32m•[39m Java binary at: C:\Program Files\Microsoft\jdk-17.0.16.8-hotspot\bin\java
      This JDK is specified in your Flutter configuration.
      To change the current JDK, run: `flutter config --jdk-dir="path/to/jdk"`.
    [32m•[39m Java version OpenJDK Runtime Environment Microsoft-11926163 (build 17.0.16+8-LTS)
    [32m•[39m All Android licenses accepted.

[32m[✓][39m Chrome - develop for the web [131ms]
    [32m•[39m Chrome at C:\Program Files\Google\Chrome\Application\chrome.exe

[32m[✓][39m Visual Studio - develop Windows apps (Visual Studio Community 2022 17.1.5) [130ms]
    [32m•[39m Visual Studio at C:\Program Files\Microsoft Visual Studio\2022\Community
    [32m•[39m Visual Studio Community 2022 version 17.1.32414.318
    [32m•[39m Windows 10 SDK version 10.0.19041.0

[32m[✓][39m Android Studio (version 2025.1.3) [8ms]
    [32m•[39m Android Studio at C:\Program Files\Android\Android Studio
    [32m•[39m Flutter plugin can be installed from:
      🔨 https://plugins.jetbrains.com/plugin/9212-flutter
    [32m•[39m Dart plugin can be installed from:
      🔨 https://plugins.jetbrains.com/plugin/6351-dart
    [32m•[39m Java version OpenJDK Runtime Environment (build 21.0.7+-13880790-b1038.58)

[32m[✓][39m VS Code, 64-bit edition (version 1.102.2) [6ms]
    [32m•[39m VS Code at C:\Program Files\Microsoft VS Code
    [32m•[39m Flutter extension version 3.118.0

[32m[✓][39m Connected device (4 available) [167ms]
    [32m•[39m Windows (desktop) • windows    • windows-x64    • Microsoft Windows [Version
      10.0.26200.7309]
    [32m•[39m Web Server (web)  • web-server • web-javascript • Flutter Tools
    [32m•[39m Chrome (web)      • chrome     • web-javascript • Google Chrome 142.0.7444.176
    [32m•[39m Edge (web)        • edge       • web-javascript • Microsoft Edge 142.0.3595.94

[32m[✓][39m Network resources [1 283ms]
    [32m•[39m All expected network resources are available.

[32m•[39m No issues found!
```
